--- Facebook Module Smoke Test ---
python : Traceback 
(most recent call 
last):
At line:1 char:1
+ python backend/test
_facebook_logic.py > 
test_log.txt 2>&1
+ ~~~~~~~~~~~~~~~~~~~
~~~~~~~~~~~~~~~~~~~~~
~~~~~~~~~~~~~~~~~
    + CategoryInfo   
           : NotSpe  
  cified: (Traceba   
 ck (most recent     
call last)::Stri    
ng) [], RemoteEx    
ception
    + FullyQualified 
   ErrorId : Native  
  CommandError
 
  File "C:\Users\acer
\Desktop\SMM-final\LL
MVisibility-New\backe
nd\test_facebook_logi
c.py", line 26, in 
run_tests
    print("\u2705 
Encryption: PASS")
  File "C:\Users\acer
\AppData\Local\Progra
ms\Python\Python312\L
ib\encodings\cp1252.p
y", line 19, in 
encode
    return codecs.cha
rmap_encode(input,sel
f.errors,encoding_tab
le)[0]
           ^^^^^^^^^^
^^^^^^^^^^^^^^^^^^^^^
^^^^^^^^^^^^^^^^^^^^^
^^^
UnicodeEncodeError: 
'charmap' codec 
can't encode 
character '\u2705' 
in position 0: 
character maps to 
<undefined>

During handling of 
the above exception, 
another exception 
occurred:

Traceback (most 
recent call last):
  File "C:\Users\acer
\Desktop\SMM-final\LL
MVisibility-New\backe
nd\test_facebook_logi
c.py", line 64, in 
<module>
    run_tests()
  File "C:\Users\acer
\Desktop\SMM-final\LL
MVisibility-New\backe
nd\test_facebook_logi
c.py", line 31, in 
run_tests
    print(f"\u274c 
Encryption: FAIL 
({e})")
  File "C:\Users\acer
\AppData\Local\Progra
ms\Python\Python312\L
ib\encodings\cp1252.p
y", line 19, in 
encode
    return codecs.cha
rmap_encode(input,sel
f.errors,encoding_tab
le)[0]
           ^^^^^^^^^^
^^^^^^^^^^^^^^^^^^^^^
^^^^^^^^^^^^^^^^^^^^^
^^^
UnicodeEncodeError: 
'charmap' codec 
can't encode 
character '\u274c' 
in position 0: 
character maps to 
<undefined>
